 zlibd

 Timestamp is 5a8e824b (Thu Feb 22 16:41:47 2018)

 Preferred load address is 0000000180000000

 Start         Length     Name                   Class
 0001:00000000 0002aaebH .text                   CODE
 0001:0002aaf0 000010d8H .text$x                 CODE
 0002:00000000 00000109H .CRT$XCA                DATA
 0002:00000110 00000109H .CRT$XCZ                DATA
 0002:00000220 00000109H .CRT$XIA                DATA
 0002:00000330 00000109H .CRT$XIAA               DATA
 0002:00000440 00000109H .CRT$XIZ                DATA
 0002:00000550 00004d87H .rdata                  DATA
 0002:000052d8 0000016cH .rdata$debug            DATA
 0002:00005448 00000109H .rtc$IAA                DATA
 0002:00005558 00000109H .rtc$IZZ                DATA
 0002:00005668 00000109H .rtc$TAA                DATA
 0002:00005778 00000109H .rtc$TZZ                DATA
 0002:00005888 00000c0bH .xdata                  DATA
 0002:000064a0 0000108dH .edata                  DATA
 0003:00000000 0000096aH .data                   DATA
 0003:00000970 00000069H .bss                    DATA
 0004:00000000 00000cc0H .pdata                  DATA
 0005:00000000 00000028H .idata$2                DATA
 0005:00000028 00000014H .idata$3                DATA
 0005:00000040 000002e8H .idata$4                DATA
 0005:00000328 000002e8H .idata$5                DATA
 0005:00000610 0000048eH .idata$6                DATA
 0006:00000000 00000169H .rsrc$01                DATA
 0006:00000170 000004dcH .rsrc$02                DATA

  Address         Publics by Value              Rva+Base               Lib:Object

 0000:00000000       ___safe_se_handler_count   0000000000000000     <absolute>
 0000:00000000       ___safe_se_handler_table   0000000000000000     <absolute>
 0000:00000000       __ImageBase                0000000180000000     <linker-defined>
 0001:00000710       longest_match              0000000180001710 f   gvmat64.obj
 0001:000009e9       match_init                 00000001800019e9 f   gvmat64.obj
 0001:00000aa0       inffas8664fnc              0000000180001aa0 f   inffasx64.obj
 0001:00000e80       adler32_z                  0000000180001e80 f   adler32.obj
 0001:000015a0       adler32                    00000001800025a0 f   adler32.obj
 0001:000015e0       adler32_combine            00000001800025e0 f   adler32.obj
 0001:00001750       adler32_combine64          0000000180002750 f   adler32.obj
 0001:000019c0       compress2                  00000001800029c0 f   compress.obj
 0001:00001bd0       compress                   0000000180002bd0 f   compress.obj
 0001:00001c20       compressBound              0000000180002c20 f   compress.obj
 0001:00001cf0       get_crc_table              0000000180002cf0 f   crc32.obj
 0001:00001d00       crc32_z                    0000000180002d00 f   crc32.obj
 0001:00001fe0       crc32                      0000000180002fe0 f   crc32.obj
 0001:00002d70       crc32_combine              0000000180003d70 f   crc32.obj
 0001:00003000       crc32_combine64            0000000180004000 f   crc32.obj
 0001:00003500       deflateInit_               0000000180004500 f   deflate.obj
 0001:00003560       deflateInit2_              0000000180004560 f   deflate.obj
 0001:000039c0       deflateSetDictionary       00000001800049c0 f   deflate.obj
 0001:00003e00       deflateGetDictionary       0000000180004e00 f   deflate.obj
 0001:00003ee0       deflateResetKeep           0000000180004ee0 f   deflate.obj
 0001:00004020       deflateReset               0000000180005020 f   deflate.obj
 0001:00004060       deflateSetHeader           0000000180005060 f   deflate.obj
 0001:000040c0       deflatePending             00000001800050c0 f   deflate.obj
 0001:00004130       deflatePrime               0000000180005130 f   deflate.obj
 0001:00004260       deflateParams              0000000180005260 f   deflate.obj
 0001:000045c0       deflateTune                00000001800055c0 f   deflate.obj
 0001:00004650       deflateBound               0000000180005650 f   deflate.obj
 0001:00004850       deflate                    0000000180005850 f   deflate.obj
 0001:00005ea0       deflateEnd                 0000000180006ea0 f   deflate.obj
 0001:00005fe0       deflateCopy                0000000180006fe0 f   deflate.obj
 0001:0000b0d0       gzclose                    000000018000c0d0 f   gzclose.obj
 0001:0000b140       gzopen                     000000018000c140 f   gzlib.obj
 0001:0000b710       gzopen64                   000000018000c710 f   gzlib.obj
 0001:0000b740       gzdopen                    000000018000c740 f   gzlib.obj
 0001:0000b7c0       gzopen_w                   000000018000c7c0 f   gzlib.obj
 0001:0000b7f0       gzbuffer                   000000018000c7f0 f   gzlib.obj
 0001:0000b890       gzrewind                   000000018000c890 f   gzlib.obj
 0001:0000b920       gzseek64                   000000018000c920 f   gzlib.obj
 0001:0000bc30       gzseek                     000000018000cc30 f   gzlib.obj
 0001:0000bc90       gztell64                   000000018000cc90 f   gzlib.obj
 0001:0000bd10       gztell                     000000018000cd10 f   gzlib.obj
 0001:0000bd60       gzoffset64                 000000018000cd60 f   gzlib.obj
 0001:0000be20       gzoffset                   000000018000ce20 f   gzlib.obj
 0001:0000be70       gzeof                      000000018000ce70 f   gzlib.obj
 0001:0000bee0       gzerror                    000000018000cee0 f   gzlib.obj
 0001:0000bfa0       gzclearerr                 000000018000cfa0 f   gzlib.obj
 0001:0000c020       gz_error                   000000018000d020 f   gzlib.obj
 0001:0000c570       gzread                     000000018000d570 f   gzread.obj
 0001:0000d130       gzfread                    000000018000e130 f   gzread.obj
 0001:0000d220       gzgetc                     000000018000e220 f   gzread.obj
 0001:0000d310       gzgetc_                    000000018000e310 f   gzread.obj
 0001:0000d330       gzungetc                   000000018000e330 f   gzread.obj
 0001:0000d570       gzgets                     000000018000e570 f   gzread.obj
 0001:0000d790       gzdirect                   000000018000e790 f   gzread.obj
 0001:0000d7f0       gzclose_r                  000000018000e7f0 f   gzread.obj
 0001:0000ddd0       gzwrite                    000000018000edd0 f   gzwrite.obj
 0001:0000e6a0       gzfwrite                   000000018000f6a0 f   gzwrite.obj
 0001:0000e780       gzputc                     000000018000f780 f   gzwrite.obj
 0001:0000e900       gzputs                     000000018000f900 f   gzwrite.obj
 0001:0000e9a0       gzvprintf                  000000018000f9a0 f   gzwrite.obj
 0001:0000ec00       gzprintf                   000000018000fc00 f   gzwrite.obj
 0001:0000ec60       gzflush                    000000018000fc60 f   gzwrite.obj
 0001:0000ed20       gzsetparams                000000018000fd20 f   gzwrite.obj
 0001:0000ee50       gzclose_w                  000000018000fe50 f   gzwrite.obj
 0001:0000f3f0       inflateBackInit_           00000001800103f0 f   infback.obj
 0001:0000f560       inflateBack                0000000180010560 f   infback.obj
 0001:00011210       inflateBackEnd             0000000180012210 f   infback.obj
 0001:00011a10       inflate_fast               0000000180012a10 f   inffas8664.obj
 0001:00011ed0       inflateResetKeep           0000000180012ed0 f   inflate.obj
 0001:00012090       inflateReset               0000000180013090 f   inflate.obj
 0001:00012100       inflateReset2              0000000180013100 f   inflate.obj
 0001:00012200       inflateInit2_              0000000180013200 f   inflate.obj
 0001:00012360       inflateInit_               0000000180013360 f   inflate.obj
 0001:000123a0       inflatePrime               00000001800133a0 f   inflate.obj
 0001:00012480       inflate                    0000000180013480 f   inflate.obj
 0001:00015910       inflateEnd                 0000000180016910 f   inflate.obj
 0001:000159a0       inflateGetDictionary       00000001800169a0 f   inflate.obj
 0001:00015a80       inflateSetDictionary       0000000180016a80 f   inflate.obj
 0001:00015b80       inflateGetHeader           0000000180016b80 f   inflate.obj
 0001:00015bf0       inflateSync                0000000180016bf0 f   inflate.obj
 0001:00015ec0       inflateSyncPoint           0000000180016ec0 f   inflate.obj
 0001:00015f30       inflateCopy                0000000180016f30 f   inflate.obj
 0001:00016190       inflateUndermine           0000000180017190 f   inflate.obj
 0001:000161e0       inflateValidate            00000001800171e0 f   inflate.obj
 0001:00016250       inflateMark                0000000180017250 f   inflate.obj
 0001:000162f0       inflateCodesUsed           00000001800172f0 f   inflate.obj
 0001:00017460       inflate_table              0000000180018460 f   inftrees.obj
 0001:00017f70       call_zopen64               0000000180018f70 f   ioapi.obj
 0001:00017fe0       call_zseek64               0000000180018fe0 f   ioapi.obj
 0001:00018070       call_ztell64               0000000180019070 f   ioapi.obj
 0001:000180e0       fill_zlib_filefunc64_32_def_from_filefunc32 00000001800190e0 f   ioapi.obj
 0001:000181c0       fill_fopen_filefunc        00000001800191c0 f   ioapi.obj
 0001:000184d0       fill_fopen64_filefunc      00000001800194d0 f   ioapi.obj
 0001:000188b0       win32_open64_file_func     00000001800198b0 f   iowin32.obj
 0001:00018ab0       win32_open64_file_funcA    0000000180019ab0 f   iowin32.obj
 0001:00018b60       win32_open64_file_funcW    0000000180019b60 f   iowin32.obj
 0001:00018c10       win32_open_file_func       0000000180019c10 f   iowin32.obj
 0001:00018cc0       win32_read_file_func       0000000180019cc0 f   iowin32.obj
 0001:00018d70       win32_write_file_func      0000000180019d70 f   iowin32.obj
 0001:00018e20       win32_tell_file_func       0000000180019e20 f   iowin32.obj
 0001:00018f60       win32_tell64_file_func     0000000180019f60 f   iowin32.obj
 0001:00019000       win32_seek_file_func       000000018001a000 f   iowin32.obj
 0001:000190f0       win32_seek64_file_func     000000018001a0f0 f   iowin32.obj
 0001:000191e0       win32_close_file_func      000000018001a1e0 f   iowin32.obj
 0001:00019240       win32_error_file_func      000000018001a240 f   iowin32.obj
 0001:00019280       fill_win32_filefunc        000000018001a280 f   iowin32.obj
 0001:00019310       fill_win32_filefunc64      000000018001a310 f   iowin32.obj
 0001:000193a0       fill_win32_filefunc64A     000000018001a3a0 f   iowin32.obj
 0001:00019430       fill_win32_filefunc64W     000000018001a430 f   iowin32.obj
 0001:000197c0       _tr_init                   000000018001a7c0 f   trees.obj
 0001:00019980       _tr_stored_block           000000018001a980 f   trees.obj
 0001:00019c00       _tr_flush_bits             000000018001ac00 f   trees.obj
 0001:00019c20       _tr_align                  000000018001ac20 f   trees.obj
 0001:00019f00       _tr_flush_block            000000018001af00 f   trees.obj
 0001:0001c550       _tr_tally                  000000018001d550 f   trees.obj
 0001:0001e330       uncompress2                000000018001f330 f   uncompr.obj
 0001:0001e600       uncompress                 000000018001f600 f   uncompr.obj
 0001:0001e700       unzStringFileNameCompare   000000018001f700 f   unzip.obj
 0001:0001e850       unzOpen2                   000000018001f850 f   unzip.obj
 0001:0001f840       unzOpen2_64                0000000180020840 f   unzip.obj
 0001:0001f8f0       unzOpen                    00000001800208f0 f   unzip.obj
 0001:0001f920       unzOpen64                  0000000180020920 f   unzip.obj
 0001:0001f950       unzClose                   0000000180020950 f   unzip.obj
 0001:0001f9d0       unzGetGlobalInfo64         00000001800209d0 f   unzip.obj
 0001:0001fa40       unzGetGlobalInfo           0000000180020a40 f   unzip.obj
 0001:0001fa90       unzGetCurrentFileInfo64    0000000180020a90 f   unzip.obj
 0001:000204e0       unzGetCurrentFileInfo      00000001800214e0 f   unzip.obj
 0001:00020690       unzGoToFirstFile           0000000180021690 f   unzip.obj
 0001:00020780       unzGoToNextFile            0000000180021780 f   unzip.obj
 0001:000208e0       unzLocateFile              00000001800218e0 f   unzip.obj
 0001:00020b10       unzGetFilePos64            0000000180021b10 f   unzip.obj
 0001:00020b90       unzGetFilePos              0000000180021b90 f   unzip.obj
 0001:00020be0       unzGoToFilePos64           0000000180021be0 f   unzip.obj
 0001:00020cd0       unzGoToFilePos             0000000180021cd0 f   unzip.obj
 0001:00020d20       unzOpenCurrentFile3        0000000180021d20 f   unzip.obj
 0001:000214e0       unzOpenCurrentFile         00000001800224e0 f   unzip.obj
 0001:00021510       unzOpenCurrentFilePassword 0000000180022510 f   unzip.obj
 0001:00021550       unzOpenCurrentFile2        0000000180022550 f   unzip.obj
 0001:000215a0       unzGetCurrentFileZStreamPos64 00000001800225a0 f   unzip.obj
 0001:00021600       unzReadCurrentFile         0000000180022600 f   unzip.obj
 0001:00021b90       unztell                    0000000180022b90 f   unzip.obj
 0001:00021bf0       unztell64                  0000000180022bf0 f   unzip.obj
 0001:00021c50       unzeof                     0000000180022c50 f   unzip.obj
 0001:00021cc0       unzGetLocalExtrafield      0000000180022cc0 f   unzip.obj
 0001:00021e00       unzCloseCurrentFile        0000000180022e00 f   unzip.obj
 0001:00021f10       unzGetGlobalComment        0000000180022f10 f   unzip.obj
 0001:00022010       unzGetOffset64             0000000180023010 f   unzip.obj
 0001:00022090       unzGetOffset               0000000180023090 f   unzip.obj
 0001:000220d0       unzSetOffset64             00000001800230d0 f   unzip.obj
 0001:000221c0       unzSetOffset               00000001800231c0 f   unzip.obj
 0001:000230a0       LoadCentralDirectoryRecord 00000001800240a0 f   zip.obj
 0001:000243f0       zipOpen3                   00000001800253f0 f   zip.obj
 0001:00024650       zipOpen2                   0000000180025650 f   zip.obj
 0001:000246e0       zipOpen2_64                00000001800256e0 f   zip.obj
 0001:000247b0       zipOpen                    00000001800257b0 f   zip.obj
 0001:000247e0       zipOpen64                  00000001800257e0 f   zip.obj
 0001:00024810       Write_LocalFileHeader      0000000180025810 f   zip.obj
 0001:00024cf0       zipOpenNewFileInZip4_64    0000000180025cf0 f   zip.obj
 0001:00025b80       zipOpenNewFileInZip4       0000000180026b80 f   zip.obj
 0001:00025c80       zipOpenNewFileInZip3       0000000180026c80 f   zip.obj
 0001:00025d80       zipOpenNewFileInZip3_64    0000000180026d80 f   zip.obj
 0001:00025e80       zipOpenNewFileInZip2       0000000180026e80 f   zip.obj
 0001:00025f70       zipOpenNewFileInZip2_64    0000000180026f70 f   zip.obj
 0001:00026060       zipOpenNewFileInZip64      0000000180027060 f   zip.obj
 0001:00026150       zipOpenNewFileInZip        0000000180027150 f   zip.obj
 0001:00026240       zipWriteInFileInZip        0000000180027240 f   zip.obj
 0001:000266b0       zipCloseFileInZipRaw       00000001800276b0 f   zip.obj
 0001:000266f0       zipCloseFileInZipRaw64     00000001800276f0 f   zip.obj
 0001:00026ee0       zipCloseFileInZip          0000000180027ee0 f   zip.obj
 0001:00026f10       Write_Zip64EndOfCentralDirectoryLocator 0000000180027f10 f   zip.obj
 0001:00026ff0       Write_Zip64EndOfCentralDirectoryRecord 0000000180027ff0 f   zip.obj
 0001:000271f0       Write_EndOfCentralDirectoryRecord 00000001800281f0 f   zip.obj
 0001:00027420       Write_GlobalComment        0000000180028420 f   zip.obj
 0001:000274d0       zipClose                   00000001800284d0 f   zip.obj
 0001:000277b0       zipRemoveExtraInfoBlock    00000001800287b0 f   zip.obj
 0001:00028b70       zlibVersion                0000000180029b70 f   zutil.obj
 0001:00028b80       zlibCompileFlags           0000000180029b80 f   zutil.obj
 0001:00028cc0       zError                     0000000180029cc0 f   zutil.obj
 0001:00028cf0       zcalloc                    0000000180029cf0 f   zutil.obj
 0001:00028d20       zcfree                     0000000180029d20 f   zutil.obj
 0001:00028db2       CreateFileA                0000000180029db2 f   kernel32:KERNEL32.dll
 0001:00028db8       CloseHandle                0000000180029db8 f   kernel32:KERNEL32.dll
 0001:00028dbe       CreateFileW                0000000180029dbe f   kernel32:KERNEL32.dll
 0001:00028dc4       GetLastError               0000000180029dc4 f   kernel32:KERNEL32.dll
 0001:00028dca       ReadFile                   0000000180029dca f   kernel32:KERNEL32.dll
 0001:00028dd0       WriteFile                  0000000180029dd0 f   kernel32:KERNEL32.dll
 0001:00028dd6       SetFilePointer             0000000180029dd6 f   kernel32:KERNEL32.dll
 0001:00028ddc       memset                     0000000180029ddc f   MSVCRTD:MSVCR100D.dll
 0001:00028de2       memcpy                     0000000180029de2 f   MSVCRTD:MSVCR100D.dll
 0001:00028de8       _lseeki64                  0000000180029de8 f   MSVCRTD:MSVCR100D.dll
 0001:00028dee       _wopen                     0000000180029dee f   MSVCRTD:MSVCR100D.dll
 0001:00028df4       _snprintf                  0000000180029df4 f   MSVCRTD:MSVCR100D.dll
 0001:00028dfa       strlen                     0000000180029dfa f   MSVCRTD:MSVCR100D.dll
 0001:00028e00       wcstombs                   0000000180029e00 f   MSVCRTD:MSVCR100D.dll
 0001:00028e06       free                       0000000180029e06 f   MSVCRTD:MSVCR100D.dll
 0001:00028e0c       malloc                     0000000180029e0c f   MSVCRTD:MSVCR100D.dll
 0001:00028e12       strerror                   0000000180029e12 f   MSVCRTD:MSVCR100D.dll
 0001:00028e18       _errno                     0000000180029e18 f   MSVCRTD:MSVCR100D.dll
 0001:00028e1e       memchr                     0000000180029e1e f   MSVCRTD:MSVCR100D.dll
 0001:00028e24       fopen                      0000000180029e24 f   MSVCRTD:MSVCR100D.dll
 0001:00028e2a       fread                      0000000180029e2a f   MSVCRTD:MSVCR100D.dll
 0001:00028e30       fwrite                     0000000180029e30 f   MSVCRTD:MSVCR100D.dll
 0001:00028e36       ftell                      0000000180029e36 f   MSVCRTD:MSVCR100D.dll
 0001:00028e3c       fseek                      0000000180029e3c f   MSVCRTD:MSVCR100D.dll
 0001:00028e42       fclose                     0000000180029e42 f   MSVCRTD:MSVCR100D.dll
 0001:00028e48       ferror                     0000000180029e48 f   MSVCRTD:MSVCR100D.dll
 0001:00028e4e       _ftelli64                  0000000180029e4e f   MSVCRTD:MSVCR100D.dll
 0001:00028e54       _fseeki64                  0000000180029e54 f   MSVCRTD:MSVCR100D.dll
 0001:00028e5a       strcmp                     0000000180029e5a f   MSVCRTD:MSVCR100D.dll
 0001:00028e70       __chkstk                   0000000180029e70 f   MSVCRTD:chkstk.obj
 0001:00028e70       _alloca_probe              0000000180029e70     MSVCRTD:chkstk.obj
 0001:00028ebe       rand                       0000000180029ebe f   MSVCRTD:MSVCR100D.dll
 0001:00028ec4       srand                      0000000180029ec4 f   MSVCRTD:MSVCR100D.dll
 0001:00028eca       _time64                    0000000180029eca f   MSVCRTD:MSVCR100D.dll
 0001:00028f60       _CRT_INIT                  0000000180029f60 f   MSVCRTD:crtdll.obj
 0001:00029320       NtCurrentTeb               000000018002a320 f i MSVCRTD:crtdll.obj
 0001:00029330       _DllMainCRTStartup         000000018002a330 f   MSVCRTD:crtdll.obj
 0001:000294e2       _vsnprintf                 000000018002a4e2 f   MSVCRTD:MSVCR100D.dll
 0001:000294f0       __clean_type_info_names    000000018002a4f0 f   MSVCRTD:tncleanup.obj
 0001:00029510       _onexit                    000000018002a510 f   MSVCRTD:atonexit.obj
 0001:000295d0       atexit                     000000018002a5d0 f   MSVCRTD:atonexit.obj
 0001:00029610       _RTC_Initialize            000000018002a610 f   MSVCRTD:_initsect_.obj
 0001:00029650       _RTC_Terminate             000000018002a650 f   MSVCRTD:_initsect_.obj
 0001:0002968e       _malloc_dbg                000000018002a68e f   MSVCRTD:MSVCR100D.dll
 0001:00029694       _free_dbg                  000000018002a694 f   MSVCRTD:MSVCR100D.dll
 0001:0002969a       _encoded_null              000000018002a69a f   MSVCRTD:MSVCR100D.dll
 0001:000296a0       _CrtSetCheckCount          000000018002a6a0 f   MSVCRTD:MSVCR100D.dll
 0001:000296b0       _ValidateImageBase         000000018002a6b0 f   MSVCRTD:pesect.obj
 0001:00029730       _FindPESection             000000018002a730 f   MSVCRTD:pesect.obj
 0001:000297e0       _IsNonwritableInCurrentImage 000000018002a7e0 f   MSVCRTD:pesect.obj
 0001:0002986e       _initterm                  000000018002a86e f   MSVCRTD:MSVCR100D.dll
 0001:00029874       _initterm_e                000000018002a874 f   MSVCRTD:MSVCR100D.dll
 0001:0002987a       _amsg_exit                 000000018002a87a f   MSVCRTD:MSVCR100D.dll
 0001:00029880       __security_init_cookie     000000018002a880 f   MSVCRTD:gs_support.obj
 0001:0002998e       __C_specific_handler       000000018002a98e f   MSVCRTD:MSVCR100D.dll
 0001:00029994       __CppXcptFilter            000000018002a994 f   MSVCRTD:MSVCR100D.dll
 0001:000299a0       DllMain                    000000018002a9a0 f   MSVCRTD:dllmain.obj
 0001:000299d8       __clean_type_info_names_internal 000000018002a9d8 f   MSVCRTD:MSVCR100D.dll
 0001:000299de       _unlock                    000000018002a9de f   MSVCRTD:MSVCR100D.dll
 0001:000299e4       __dllonexit                000000018002a9e4 f   MSVCRTD:MSVCR100D.dll
 0001:000299ea       _lock                      000000018002a9ea f   MSVCRTD:MSVCR100D.dll
 0001:000299f0       EncodePointer              000000018002a9f0 f   kernel32:KERNEL32.dll
 0001:000299f6       DecodePointer              000000018002a9f6 f   kernel32:KERNEL32.dll
 0001:000299fc       Sleep                      000000018002a9fc f   kernel32:KERNEL32.dll
 0001:00029a02       QueryPerformanceCounter    000000018002aa02 f   kernel32:KERNEL32.dll
 0001:00029a08       GetTickCount               000000018002aa08 f   kernel32:KERNEL32.dll
 0001:00029a0e       GetCurrentThreadId         000000018002aa0e f   kernel32:KERNEL32.dll
 0001:00029a14       GetCurrentProcessId        000000018002aa14 f   kernel32:KERNEL32.dll
 0001:00029a1a       GetSystemTimeAsFileTime    000000018002aa1a f   kernel32:KERNEL32.dll
 0001:00029a20       DisableThreadLibraryCalls  000000018002aa20 f   kernel32:KERNEL32.dll
 0001:00029a26       _open                      000000018002aa26 f   MSVCRTD:MSVCR100D.dll
 0001:00029a2c       _read                      000000018002aa2c f   MSVCRTD:MSVCR100D.dll
 0001:00029a32       _close                     000000018002aa32 f   MSVCRTD:MSVCR100D.dll
 0001:00029a38       _write                     000000018002aa38 f   MSVCRTD:MSVCR100D.dll
 0002:00000000       __xc_a                     000000018002d000     MSVCRTD:cinitexe.obj
 0002:00000110       __xc_z                     000000018002d110     MSVCRTD:cinitexe.obj
 0002:00000220       __xi_a                     000000018002d220     MSVCRTD:cinitexe.obj
 0002:00000440       __xi_z                     000000018002d440     MSVCRTD:cinitexe.obj
 0002:00002be0       deflate_copyright          000000018002fbe0     deflate.obj
 0002:000041d0       inflate_copyright          00000001800311d0     inftrees.obj
 0002:000049b0       _dist_code                 00000001800319b0     trees.obj
 0002:00004bb0       _length_code               0000000180031bb0     trees.obj
 0002:00005030       unz_copyright              0000000180032030     unzip.obj
 0002:000050a0       zip_copyright              00000001800320a0     zip.obj
 0002:00005100       z_errmsg                   0000000180032100     zutil.obj
 0002:00005160       _pDefaultRawDllMain        0000000180032160     MSVCRTD:crtdll.obj
 0002:00005160       _pRawDllMain               0000000180032160     MSVCRTD:crtdll.obj
 0002:00005168       ??_C@_0DF@EBFKANAI@f?3?2dd?2vctools?2crt_bld?2self_64_am@ 0000000180032168     MSVCRTD:crtdll.obj
 0002:000051a0       ?ProcessDetach@NativeDll@<CrtImplementationDetails>@@0IB 00000001800321a0     MSVCRTD:tncleanup.obj
 0002:000051a4       ?ProcessAttach@NativeDll@<CrtImplementationDetails>@@0IB 00000001800321a4     MSVCRTD:tncleanup.obj
 0002:000051a8       ?ThreadAttach@NativeDll@<CrtImplementationDetails>@@0IB 00000001800321a8     MSVCRTD:tncleanup.obj
 0002:000051ac       ?ThreadDetach@NativeDll@<CrtImplementationDetails>@@0IB 00000001800321ac     MSVCRTD:tncleanup.obj
 0002:000051b0       ?ProcessVerifier@NativeDll@<CrtImplementationDetails>@@0IB 00000001800321b0     MSVCRTD:tncleanup.obj
 0002:00005448       __rtc_iaa                  0000000180032448     MSVCRTD:_initsect_.obj
 0002:00005558       __rtc_izz                  0000000180032558     MSVCRTD:_initsect_.obj
 0002:00005668       __rtc_taa                  0000000180032668     MSVCRTD:_initsect_.obj
 0002:00005778       __rtc_tzz                  0000000180032778     MSVCRTD:_initsect_.obj
 0003:00000840       __native_dllmain_reason    0000000180035840     MSVCRTD:natstart.obj
 0003:00000844       __native_vcclrit_reason    0000000180035844     MSVCRTD:natstart.obj
 0003:00000848       __security_cookie          0000000180035848     MSVCRTD:gs_cookie.obj
 0003:00000850       __security_cookie_complement 0000000180035850     MSVCRTD:gs_cookie.obj
 0003:00000980       ?__type_info_root_node@@3U__type_info_node@@A 0000000180035980     MSVCRTD:tncleanup.obj
 0003:00000990       __native_startup_state     0000000180035990     <common>
 0003:000009a0       __native_startup_lock      00000001800359a0     <common>
 0003:000009a8       __onexitend                00000001800359a8     <common>
 0003:000009c0       __onexitbegin              00000001800359c0     <common>
 0003:000009c8       __dyn_tls_init_callback    00000001800359c8     <common>
 0005:00000000       __IMPORT_DESCRIPTOR_KERNEL32 0000000180037000     kernel32:KERNEL32.dll
 0005:00000014       __IMPORT_DESCRIPTOR_MSVCR100D 0000000180037014     MSVCRTD:MSVCR100D.dll
 0005:00000028       __NULL_IMPORT_DESCRIPTOR   0000000180037028     kernel32:KERNEL32.dll
 0005:00000328       __imp_CreateFileA          0000000180037328     kernel32:KERNEL32.dll
 0005:00000330       __imp_CloseHandle          0000000180037330     kernel32:KERNEL32.dll
 0005:00000338       __imp_CreateFileW          0000000180037338     kernel32:KERNEL32.dll
 0005:00000340       __imp_GetLastError         0000000180037340     kernel32:KERNEL32.dll
 0005:00000348       __imp_ReadFile             0000000180037348     kernel32:KERNEL32.dll
 0005:00000350       __imp_WriteFile            0000000180037350     kernel32:KERNEL32.dll
 0005:00000358       __imp_SetFilePointer       0000000180037358     kernel32:KERNEL32.dll
 0005:00000360       __imp_GetSystemTimeAsFileTime 0000000180037360     kernel32:KERNEL32.dll
 0005:00000368       __imp_GetCurrentProcessId  0000000180037368     kernel32:KERNEL32.dll
 0005:00000370       __imp_GetCurrentThreadId   0000000180037370     kernel32:KERNEL32.dll
 0005:00000378       __imp_GetTickCount         0000000180037378     kernel32:KERNEL32.dll
 0005:00000380       __imp_QueryPerformanceCounter 0000000180037380     kernel32:KERNEL32.dll
 0005:00000388       __imp_Sleep                0000000180037388     kernel32:KERNEL32.dll
 0005:00000390       __imp_DecodePointer        0000000180037390     kernel32:KERNEL32.dll
 0005:00000398       __imp_EncodePointer        0000000180037398     kernel32:KERNEL32.dll
 0005:000003a0       __imp_DisableThreadLibraryCalls 00000001800373a0     kernel32:KERNEL32.dll
 0005:000003a8       \177KERNEL32_NULL_THUNK_DATA 00000001800373a8     kernel32:KERNEL32.dll
 0005:00000418       __imp_strerror             0000000180037418     MSVCRTD:MSVCR100D.dll
 0005:00000420       __imp__errno               0000000180037420     MSVCRTD:MSVCR100D.dll
 0005:00000428       __imp_memchr               0000000180037428     MSVCRTD:MSVCR100D.dll
 0005:00000430       __imp_fopen                0000000180037430     MSVCRTD:MSVCR100D.dll
 0005:00000438       __imp_fread                0000000180037438     MSVCRTD:MSVCR100D.dll
 0005:00000440       __imp_fwrite               0000000180037440     MSVCRTD:MSVCR100D.dll
 0005:00000448       __imp_ftell                0000000180037448     MSVCRTD:MSVCR100D.dll
 0005:00000450       __imp_fseek                0000000180037450     MSVCRTD:MSVCR100D.dll
 0005:00000458       __imp_fclose               0000000180037458     MSVCRTD:MSVCR100D.dll
 0005:00000460       __imp_ferror               0000000180037460     MSVCRTD:MSVCR100D.dll
 0005:00000468       __imp__ftelli64            0000000180037468     MSVCRTD:MSVCR100D.dll
 0005:00000470       __imp__fseeki64            0000000180037470     MSVCRTD:MSVCR100D.dll
 0005:00000478       __imp_malloc               0000000180037478     MSVCRTD:MSVCR100D.dll
 0005:00000480       __imp_rand                 0000000180037480     MSVCRTD:MSVCR100D.dll
 0005:00000488       __imp_srand                0000000180037488     MSVCRTD:MSVCR100D.dll
 0005:00000490       __imp__time64              0000000180037490     MSVCRTD:MSVCR100D.dll
 0005:00000498       __imp_vsnprintf            0000000180037498     MSVCRTD:MSVCR100D.dll
 0005:00000498       __imp__vsnprintf           0000000180037498     MSVCRTD:MSVCR100D.dll
 0005:000004a0       __imp__malloc_dbg          00000001800374a0     MSVCRTD:MSVCR100D.dll
 0005:000004a8       __imp__free_dbg            00000001800374a8     MSVCRTD:MSVCR100D.dll
 0005:000004b0       __imp__encoded_null        00000001800374b0     MSVCRTD:MSVCR100D.dll
 0005:000004b8       __imp__CrtSetCheckCount    00000001800374b8     MSVCRTD:MSVCR100D.dll
 0005:000004c0       __imp__initterm            00000001800374c0     MSVCRTD:MSVCR100D.dll
 0005:000004c8       __imp__initterm_e          00000001800374c8     MSVCRTD:MSVCR100D.dll
 0005:000004d0       __imp__amsg_exit           00000001800374d0     MSVCRTD:MSVCR100D.dll
 0005:000004d8       __imp___C_specific_handler 00000001800374d8     MSVCRTD:MSVCR100D.dll
 0005:000004e0       __imp___CppXcptFilter      00000001800374e0     MSVCRTD:MSVCR100D.dll
 0005:000004e8       __imp___clean_type_info_names_internal 00000001800374e8     MSVCRTD:MSVCR100D.dll
 0005:000004f0       __imp__unlock              00000001800374f0     MSVCRTD:MSVCR100D.dll
 0005:000004f8       __imp___dllonexit          00000001800374f8     MSVCRTD:MSVCR100D.dll
 0005:00000500       __imp__lock                0000000180037500     MSVCRTD:MSVCR100D.dll
 0005:00000508       __imp__onexit              0000000180037508     MSVCRTD:MSVCR100D.dll
 0005:00000510       __imp_free                 0000000180037510     MSVCRTD:MSVCR100D.dll
 0005:00000518       __imp_wcstombs             0000000180037518     MSVCRTD:MSVCR100D.dll
 0005:00000520       __imp_strlen               0000000180037520     MSVCRTD:MSVCR100D.dll
 0005:00000528       __imp__snprintf            0000000180037528     MSVCRTD:MSVCR100D.dll
 0005:00000530       __imp__wopen               0000000180037530     MSVCRTD:MSVCR100D.dll
 0005:00000538       __imp__lseeki64            0000000180037538     MSVCRTD:MSVCR100D.dll
 0005:00000540       __imp_memcpy               0000000180037540     MSVCRTD:MSVCR100D.dll
 0005:00000548       __imp_memset               0000000180037548     MSVCRTD:MSVCR100D.dll
 0005:00000550       __imp_strcmp               0000000180037550     MSVCRTD:MSVCR100D.dll
 0005:00000558       __imp__open                0000000180037558     MSVCRTD:MSVCR100D.dll
 0005:00000558       __imp_open                 0000000180037558     MSVCRTD:MSVCR100D.dll
 0005:00000560       __imp_read                 0000000180037560     MSVCRTD:MSVCR100D.dll
 0005:00000560       __imp__read                0000000180037560     MSVCRTD:MSVCR100D.dll
 0005:00000568       __imp_close                0000000180037568     MSVCRTD:MSVCR100D.dll
 0005:00000568       __imp__close               0000000180037568     MSVCRTD:MSVCR100D.dll
 0005:00000570       __imp_write                0000000180037570     MSVCRTD:MSVCR100D.dll
 0005:00000570       __imp__write               0000000180037570     MSVCRTD:MSVCR100D.dll
 0005:00000578       \177MSVCR100D_NULL_THUNK_DATA 0000000180037578     MSVCRTD:MSVCR100D.dll

 entry point at        0001:00029330

