 zlib

 Timestamp is 5a8e8258 (Thu Feb 22 16:42:00 2018)

 Preferred load address is 0000000180000000

 Start         Length     Name                   Class
 0001:00000000 00010d5eH .text                   CODE
 0001:00010d60 00000092H .text$x                 CODE
 0002:00000000 000001c0H .idata$5                DATA
 0002:000001c0 00000008H .CRT$XCA                DATA
 0002:000001c8 00000008H .CRT$XCZ                DATA
 0002:000001d0 00000008H .CRT$XIA                DATA
 0002:000001d8 00000008H .CRT$XIAA               DATA
 0002:000001e0 00000008H .CRT$XIZ                DATA
 0002:000001f0 00004320H .rdata                  DATA
 0002:00004510 00000008H .rtc$IAA                DATA
 0002:00004518 00000008H .rtc$IZZ                DATA
 0002:00004520 00000008H .rtc$TAA                DATA
 0002:00004528 00000008H .rtc$TZZ                DATA
 0002:00004530 00001308H .xdata                  DATA
 0002:00005838 00000028H .idata$2                DATA
 0002:00005860 00000014H .idata$3                DATA
 0002:00005878 000001c0H .idata$4                DATA
 0002:00005a38 000002f8H .idata$6                DATA
 0002:00005d30 00000cf5H .edata                  DATA
 0003:00000000 00000020H .data                   DATA
 0003:00000020 00000040H .bss                    DATA
 0004:00000000 000010d4H .pdata                  DATA
 0005:00000000 00000058H .rsrc$01                DATA
 0005:00000060 00000338H .rsrc$02                DATA

  Address         Publics by Value              Rva+Base               Lib:Object

 0000:00000000       ___safe_se_handler_table   0000000000000000     <absolute>
 0000:00000000       ___safe_se_handler_count   0000000000000000     <absolute>
 0000:00000000       __ImageBase                0000000180000000     <linker-defined>
 0001:00000000       adler32_z                  0000000180001000 f   adler32.obj
 0001:00000320       adler32                    0000000180001320 f   adler32.obj
 0001:00000400       adler32_combine            0000000180001400 f   adler32.obj
 0001:00000410       compress2                  0000000180001410 f   compress.obj
 0001:00000510       compress                   0000000180001510 f   compress.obj
 0001:00000530       compressBound              0000000180001530 f   compress.obj
 0001:00000550       get_crc_table              0000000180001550 f   crc32.obj
 0001:00000560       crc32_z                    0000000180001560 f   crc32.obj
 0001:00000570       crc32                      0000000180001570 f   crc32.obj
 0001:000009f0       crc32_combine              00000001800019f0 f   crc32.obj
 0001:00000a60       deflateInit_               0000000180001a60 f   deflate.obj
 0001:00000aa0       deflateInit2_              0000000180001aa0 f   deflate.obj
 0001:00000da0       deflateSetDictionary       0000000180001da0 f   deflate.obj
 0001:00000fc0       deflateGetDictionary       0000000180001fc0 f   deflate.obj
 0001:00001040       deflateResetKeep           0000000180002040 f   deflate.obj
 0001:000010f0       deflateReset               00000001800020f0 f   deflate.obj
 0001:00001120       deflateSetHeader           0000000180002120 f   deflate.obj
 0001:00001150       deflatePending             0000000180002150 f   deflate.obj
 0001:000011a0       deflatePrime               00000001800021a0 f   deflate.obj
 0001:00001250       deflateParams              0000000180002250 f   deflate.obj
 0001:000013d0       deflateTune                00000001800023d0 f   deflate.obj
 0001:00001410       deflateBound               0000000180002410 f   deflate.obj
 0001:000015d0       deflate                    00000001800025d0 f   deflate.obj
 0001:00001f40       deflateEnd                 0000000180002f40 f   deflate.obj
 0001:00001ff0       deflateCopy                0000000180002ff0 f   deflate.obj
 0001:000037c0       gzclose                    00000001800047c0 f   gzclose.obj
 0001:00003b80       gzopen                     0000000180004b80 f   gzlib.obj
 0001:00003b90       gzdopen                    0000000180004b90 f   gzlib.obj
 0001:00003c20       gzopen_w                   0000000180004c20 f   gzlib.obj
 0001:00003c30       gzbuffer                   0000000180004c30 f   gzlib.obj
 0001:00003c70       gzrewind                   0000000180004c70 f   gzlib.obj
 0001:00003cd0       gzseek64                   0000000180004cd0 f   gzlib.obj
 0001:00003e30       gzseek                     0000000180004e30 f   gzlib.obj
 0001:00003e60       gztell64                   0000000180004e60 f   gzlib.obj
 0001:00003ea0       gztell                     0000000180004ea0 f   gzlib.obj
 0001:00003ec0       gzoffset64                 0000000180004ec0 f   gzlib.obj
 0001:00003f20       gzoffset                   0000000180004f20 f   gzlib.obj
 0001:00003f40       gzeof                      0000000180004f40 f   gzlib.obj
 0001:00003f70       gzerror                    0000000180004f70 f   gzlib.obj
 0001:00003fc0       gzclearerr                 0000000180004fc0 f   gzlib.obj
 0001:00004000       gz_error                   0000000180005000 f   gzlib.obj
 0001:000047b0       gzread                     00000001800057b0 f   gzread.obj
 0001:00004820       gzfread                    0000000180005820 f   gzread.obj
 0001:000048a0       gzgetc                     00000001800058a0 f   gzread.obj
 0001:00004910       gzgetc_                    0000000180005910 f   gzread.obj
 0001:00004920       gzungetc                   0000000180005920 f   gzread.obj
 0001:00004a30       gzgets                     0000000180005a30 f   gzread.obj
 0001:00004b80       gzdirect                   0000000180005b80 f   gzread.obj
 0001:00004bc0       gzclose_r                  0000000180005bc0 f   gzread.obj
 0001:00005170       gzwrite                    0000000180006170 f   gzwrite.obj
 0001:000051c0       gzfwrite                   00000001800061c0 f   gzwrite.obj
 0001:00005240       gzputc                     0000000180006240 f   gzwrite.obj
 0001:00005300       gzputs                     0000000180006300 f   gzwrite.obj
 0001:00005370       gzvprintf                  0000000180006370 f   gzwrite.obj
 0001:000054b0       gzprintf                   00000001800064b0 f   gzwrite.obj
 0001:000054e0       gzflush                    00000001800064e0 f   gzwrite.obj
 0001:00005550       gzsetparams                0000000180006550 f   gzwrite.obj
 0001:00005620       gzclose_w                  0000000180006620 f   gzwrite.obj
 0001:000056f0       inflateBackInit_           00000001800066f0 f   infback.obj
 0001:00005830       inflateBack                0000000180006830 f   infback.obj
 0001:000067d0       inflateBackEnd             00000001800077d0 f   infback.obj
 0001:00006820       inflate_fast               0000000180007820 f   inffas8664.obj
 0001:00006a10       inflateResetKeep           0000000180007a10 f   inflate.obj
 0001:00006aa0       inflateReset               0000000180007aa0 f   inflate.obj
 0001:00006ae0       inflateReset2              0000000180007ae0 f   inflate.obj
 0001:00006b90       inflateInit2_              0000000180007b90 f   inflate.obj
 0001:00006c80       inflateInit_               0000000180007c80 f   inflate.obj
 0001:00006c90       inflatePrime               0000000180007c90 f   inflate.obj
 0001:00006e30       inflate                    0000000180007e30 f   inflate.obj
 0001:000085d0       inflateEnd                 00000001800095d0 f   inflate.obj
 0001:00008620       inflateGetDictionary       0000000180009620 f   inflate.obj
 0001:000086b0       inflateSetDictionary       00000001800096b0 f   inflate.obj
 0001:00008780       inflateGetHeader           0000000180009780 f   inflate.obj
 0001:00008830       inflateSync                0000000180009830 f   inflate.obj
 0001:00008950       inflateSyncPoint           0000000180009950 f   inflate.obj
 0001:00008990       inflateCopy                0000000180009990 f   inflate.obj
 0001:00008b10       inflateUndermine           0000000180009b10 f   inflate.obj
 0001:00008b50       inflateValidate            0000000180009b50 f   inflate.obj
 0001:00008b90       inflateMark                0000000180009b90 f   inflate.obj
 0001:00008c00       inflateCodesUsed           0000000180009c00 f   inflate.obj
 0001:00008c40       inflate_table              0000000180009c40 f   inftrees.obj
 0001:00009090       call_zopen64               000000018000a090 f   ioapi.obj
 0001:000090b0       call_zseek64               000000018000a0b0 f   ioapi.obj
 0001:000090e0       call_ztell64               000000018000a0e0 f   ioapi.obj
 0001:00009120       fill_zlib_filefunc64_32_def_from_filefunc32 000000018000a120 f   ioapi.obj
 0001:00009290       fill_fopen64_filefunc      000000018000a290 f   ioapi.obj
 0001:000093c0       win32_open64_file_funcW    000000018000a3c0 f   iowin32.obj
 0001:00009440       win32_open64_file_func     000000018000a440 f   iowin32.obj
 0001:00009440       win32_open_file_func       000000018000a440 f   iowin32.obj
 0001:00009440       win32_open64_file_funcA    000000018000a440 f   iowin32.obj
 0001:000094c0       win32_read_file_func       000000018000a4c0 f   iowin32.obj
 0001:00009530       win32_write_file_func      000000018000a530 f   iowin32.obj
 0001:00009610       win32_tell_file_func       000000018000a610 f   iowin32.obj
 0001:00009670       win32_tell64_file_func     000000018000a670 f   iowin32.obj
 0001:000096d0       win32_seek_file_func       000000018000a6d0 f   iowin32.obj
 0001:00009750       win32_seek64_file_func     000000018000a750 f   iowin32.obj
 0001:000097d0       win32_close_file_func      000000018000a7d0 f   iowin32.obj
 0001:00009810       win32_error_file_func      000000018000a810 f   iowin32.obj
 0001:00009820       fill_win32_filefunc        000000018000a820 f   iowin32.obj
 0001:00009880       fill_win32_filefunc64      000000018000a880 f   iowin32.obj
 0001:00009880       fill_win32_filefunc64A     000000018000a880 f   iowin32.obj
 0001:000098e0       fill_win32_filefunc64W     000000018000a8e0 f   iowin32.obj
 0001:00009940       _tr_init                   000000018000a940 f   trees.obj
 0001:0000a970       _tr_stored_block           000000018000b970 f   trees.obj
 0001:0000aa70       _tr_flush_bits             000000018000ba70 f   trees.obj
 0001:0000aa80       _tr_align                  000000018000ba80 f   trees.obj
 0001:0000aba0       _tr_flush_block            000000018000bba0 f   trees.obj
 0001:0000b3d0       uncompress2                000000018000c3d0 f   uncompr.obj
 0001:0000b530       uncompress                 000000018000c530 f   uncompr.obj
 0001:0000b880       unzStringFileNameCompare   000000018000c880 f   unzip.obj
 0001:0000c040       unzOpen2                   000000018000d040 f   unzip.obj
 0001:0000c090       unzOpen2_64                000000018000d090 f   unzip.obj
 0001:0000c0f0       unzOpen                    000000018000d0f0 f   unzip.obj
 0001:0000c100       unzOpen64                  000000018000d100 f   unzip.obj
 0001:0000c110       unzClose                   000000018000d110 f   unzip.obj
 0001:0000c160       unzGetGlobalInfo64         000000018000d160 f   unzip.obj
 0001:0000c180       unzGetGlobalInfo           000000018000d180 f   unzip.obj
 0001:0000c730       unzGetCurrentFileInfo64    000000018000d730 f   unzip.obj
 0001:0000c780       unzGetCurrentFileInfo      000000018000d780 f   unzip.obj
 0001:0000c880       unzGoToFirstFile           000000018000d880 f   unzip.obj
 0001:0000c900       unzGoToNextFile            000000018000d900 f   unzip.obj
 0001:0000c9c0       unzLocateFile              000000018000d9c0 f   unzip.obj
 0001:0000cba0       unzGetFilePos64            000000018000dba0 f   unzip.obj
 0001:0000cbe0       unzGetFilePos              000000018000dbe0 f   unzip.obj
 0001:0000cc10       unzGoToFilePos64           000000018000dc10 f   unzip.obj
 0001:0000cc90       unzGoToFilePos             000000018000dc90 f   unzip.obj
 0001:0000cf00       unzOpenCurrentFile3        000000018000df00 f   unzip.obj
 0001:0000d160       unzOpenCurrentFile         000000018000e160 f   unzip.obj
 0001:0000d180       unzOpenCurrentFilePassword 000000018000e180 f   unzip.obj
 0001:0000d1a0       unzOpenCurrentFile2        000000018000e1a0 f   unzip.obj
 0001:0000d1c0       unzGetCurrentFileZStreamPos64 000000018000e1c0 f   unzip.obj
 0001:0000d1e0       unzReadCurrentFile         000000018000e1e0 f   unzip.obj
 0001:0000d4a0       unztell                    000000018000e4a0 f   unzip.obj
 0001:0000d4c0       unztell64                  000000018000e4c0 f   unzip.obj
 0001:0000d4e0       unzeof                     000000018000e4e0 f   unzip.obj
 0001:0000d510       unzGetLocalExtrafield      000000018000e510 f   unzip.obj
 0001:0000d610       unzCloseCurrentFile        000000018000e610 f   unzip.obj
 0001:0000d6d0       unzGetGlobalComment        000000018000e6d0 f   unzip.obj
 0001:0000e1a0       LoadCentralDirectoryRecord 000000018000f1a0 f   zip.obj
 0001:0000e540       zipOpen3                   000000018000f540 f   zip.obj
 0001:0000e6e0       zipOpen2                   000000018000f6e0 f   zip.obj
 0001:0000e730       zipOpen2_64                000000018000f730 f   zip.obj
 0001:0000e790       zipOpen64                  000000018000f790 f   zip.obj
 0001:0000e790       zipOpen                    000000018000f790 f   zip.obj
 0001:0000e7a0       Write_LocalFileHeader      000000018000f7a0 f   zip.obj
 0001:0000ea00       zipOpenNewFileInZip4_64    000000018000fa00 f   zip.obj
 0001:0000efd0       zipOpenNewFileInZip3       000000018000ffd0 f   zip.obj
 0001:0000f080       zipOpenNewFileInZip3_64    0000000180010080 f   zip.obj
 0001:0000f140       zipOpenNewFileInZip2       0000000180010140 f   zip.obj
 0001:0000f1d0       zipOpenNewFileInZip2_64    00000001800101d0 f   zip.obj
 0001:0000f270       zipOpenNewFileInZip64      0000000180010270 f   zip.obj
 0001:0000f300       zipOpenNewFileInZip        0000000180010300 f   zip.obj
 0001:0000f480       zipWriteInFileInZip        0000000180010480 f   zip.obj
 0001:0000f5d0       zipCloseFileInZipRaw       00000001800105d0 f   zip.obj
 0001:0000f5e0       zipCloseFileInZipRaw64     00000001800105e0 f   zip.obj
 0001:0000fa60       zipCloseFileInZip          0000000180010a60 f   zip.obj
 0001:0000fa70       Write_Zip64EndOfCentralDirectoryLocator 0000000180010a70 f   zip.obj
 0001:0000faf0       Write_Zip64EndOfCentralDirectoryRecord 0000000180010af0 f   zip.obj
 0001:0000fc20       Write_EndOfCentralDirectoryRecord 0000000180010c20 f   zip.obj
 0001:0000fd40       Write_GlobalComment        0000000180010d40 f   zip.obj
 0001:0000fdd0       zipClose                   0000000180010dd0 f   zip.obj
 0001:0000ff40       zlibVersion                0000000180010f40 f   zutil.obj
 0001:0000ff50       zlibCompileFlags           0000000180010f50 f   zutil.obj
 0001:0000ff60       zError                     0000000180010f60 f   zutil.obj
 0001:0000ff80       zcalloc                    0000000180010f80 f   zutil.obj
 0001:0000ff90       zcfree                     0000000180010f90 f   zutil.obj
 0001:0000ffa0       longest_match              0000000180010fa0 f   gvmat64.obj
 0001:00010279       match_init                 0000000180011279 f   gvmat64.obj
 0001:00010280       inffas8664fnc              0000000180011280 f   inffasx64.obj
 0001:000105f8       _CRT_INIT                  00000001800115f8 f   MSVCRT:crtdll.obj
 0001:00010990       _DllMainCRTStartup         0000000180011990 f   MSVCRT:crtdll.obj
 0001:000109d0       __clean_type_info_names    00000001800119d0 f   MSVCRT:tncleanup.obj
 0001:000109dc       _onexit                    00000001800119dc f   MSVCRT:atonexit.obj
 0001:00010a8c       atexit                     0000000180011a8c f   MSVCRT:atonexit.obj
 0001:00010aa4       _RTC_Initialize            0000000180011aa4 f   MSVCRT:_initsect_.obj
 0001:00010adc       _RTC_Terminate             0000000180011adc f   MSVCRT:_initsect_.obj
 0001:00010b20       _ValidateImageBase         0000000180011b20 f   MSVCRT:pesect.obj
 0001:00010b50       _FindPESection             0000000180011b50 f   MSVCRT:pesect.obj
 0001:00010ba0       _IsNonwritableInCurrentImage 0000000180011ba0 f   MSVCRT:pesect.obj
 0001:00010be2       _initterm                  0000000180011be2 f   MSVCRT:MSVCR100.dll
 0001:00010be8       _initterm_e                0000000180011be8 f   MSVCRT:MSVCR100.dll
 0001:00010bee       _amsg_exit                 0000000180011bee f   MSVCRT:MSVCR100.dll
 0001:00010bf4       __C_specific_handler       0000000180011bf4 f   MSVCRT:MSVCR100.dll
 0001:00010bfa       __CppXcptFilter            0000000180011bfa f   MSVCRT:MSVCR100.dll
 0001:00010c00       DllMain                    0000000180011c00 f   MSVCRT:dllmain.obj
 0001:00010c24       __security_init_cookie     0000000180011c24 f   MSVCRT:gs_support.obj
 0001:00010cd8       __clean_type_info_names_internal 0000000180011cd8 f   MSVCRT:MSVCR100.dll
 0001:00010cde       _unlock                    0000000180011cde f   MSVCRT:MSVCR100.dll
 0001:00010ce4       __dllonexit                0000000180011ce4 f   MSVCRT:MSVCR100.dll
 0001:00010cea       _lock                      0000000180011cea f   MSVCRT:MSVCR100.dll
 0001:00010cf0       memset                     0000000180011cf0 f   MSVCRT:MSVCR100.dll
 0001:00010cf6       memcpy                     0000000180011cf6 f   MSVCRT:MSVCR100.dll
 0001:00010d10       __chkstk                   0000000180011d10 f   MSVCRT:chkstk.obj
 0001:00010d10       _alloca_probe              0000000180011d10     MSVCRT:chkstk.obj
 0002:00000000       __imp_CreateFileA          0000000180012000     kernel32:KERNEL32.dll
 0002:00000008       __imp_SetFilePointer       0000000180012008     kernel32:KERNEL32.dll
 0002:00000010       __imp_WriteFile            0000000180012010     kernel32:KERNEL32.dll
 0002:00000018       __imp_ReadFile             0000000180012018     kernel32:KERNEL32.dll
 0002:00000020       __imp_CreateFileW          0000000180012020     kernel32:KERNEL32.dll
 0002:00000028       __imp_GetLastError         0000000180012028     kernel32:KERNEL32.dll
 0002:00000030       __imp_CloseHandle          0000000180012030     kernel32:KERNEL32.dll
 0002:00000038       __imp_GetCurrentProcessId  0000000180012038     kernel32:KERNEL32.dll
 0002:00000040       __imp_GetCurrentThreadId   0000000180012040     kernel32:KERNEL32.dll
 0002:00000048       __imp_GetTickCount         0000000180012048     kernel32:KERNEL32.dll
 0002:00000050       __imp_QueryPerformanceCounter 0000000180012050     kernel32:KERNEL32.dll
 0002:00000058       __imp_DisableThreadLibraryCalls 0000000180012058     kernel32:KERNEL32.dll
 0002:00000060       __imp_Sleep                0000000180012060     kernel32:KERNEL32.dll
 0002:00000068       __imp_DecodePointer        0000000180012068     kernel32:KERNEL32.dll
 0002:00000070       __imp_EncodePointer        0000000180012070     kernel32:KERNEL32.dll
 0002:00000078       __imp_GetSystemTimeAsFileTime 0000000180012078     kernel32:KERNEL32.dll
 0002:00000080       \177KERNEL32_NULL_THUNK_DATA 0000000180012080     kernel32:KERNEL32.dll
 0002:00000088       __imp__ftelli64            0000000180012088     MSVCRT:MSVCR100.dll
 0002:00000090       __imp__fseeki64            0000000180012090     MSVCRT:MSVCR100.dll
 0002:00000098       __imp_fopen                0000000180012098     MSVCRT:MSVCR100.dll
 0002:000000a0       __imp_fread                00000001800120a0     MSVCRT:MSVCR100.dll
 0002:000000a8       __imp_ferror               00000001800120a8     MSVCRT:MSVCR100.dll
 0002:000000b0       __imp_fwrite               00000001800120b0     MSVCRT:MSVCR100.dll
 0002:000000b8       __imp_fclose               00000001800120b8     MSVCRT:MSVCR100.dll
 0002:000000c0       __imp__errno               00000001800120c0     MSVCRT:MSVCR100.dll
 0002:000000c8       __imp_srand                00000001800120c8     MSVCRT:MSVCR100.dll
 0002:000000d0       __imp__time64              00000001800120d0     MSVCRT:MSVCR100.dll
 0002:000000d8       __imp__vsnprintf           00000001800120d8     MSVCRT:MSVCR100.dll
 0002:000000d8       __imp_vsnprintf            00000001800120d8     MSVCRT:MSVCR100.dll
 0002:000000e0       __imp__malloc_crt          00000001800120e0     MSVCRT:MSVCR100.dll
 0002:000000e8       __imp__initterm            00000001800120e8     MSVCRT:MSVCR100.dll
 0002:000000f0       __imp__initterm_e          00000001800120f0     MSVCRT:MSVCR100.dll
 0002:000000f8       __imp__encoded_null        00000001800120f8     MSVCRT:MSVCR100.dll
 0002:00000100       __imp__amsg_exit           0000000180012100     MSVCRT:MSVCR100.dll
 0002:00000108       __imp___C_specific_handler 0000000180012108     MSVCRT:MSVCR100.dll
 0002:00000110       __imp___CppXcptFilter      0000000180012110     MSVCRT:MSVCR100.dll
 0002:00000118       __imp___clean_type_info_names_internal 0000000180012118     MSVCRT:MSVCR100.dll
 0002:00000120       __imp__unlock              0000000180012120     MSVCRT:MSVCR100.dll
 0002:00000128       __imp___dllonexit          0000000180012128     MSVCRT:MSVCR100.dll
 0002:00000130       __imp__lock                0000000180012130     MSVCRT:MSVCR100.dll
 0002:00000138       __imp__onexit              0000000180012138     MSVCRT:MSVCR100.dll
 0002:00000140       __imp_memchr               0000000180012140     MSVCRT:MSVCR100.dll
 0002:00000148       __imp_strerror             0000000180012148     MSVCRT:MSVCR100.dll
 0002:00000150       __imp_wcstombs             0000000180012150     MSVCRT:MSVCR100.dll
 0002:00000158       __imp__snprintf            0000000180012158     MSVCRT:MSVCR100.dll
 0002:00000160       __imp_malloc               0000000180012160     MSVCRT:MSVCR100.dll
 0002:00000168       __imp_free                 0000000180012168     MSVCRT:MSVCR100.dll
 0002:00000170       __imp__wopen               0000000180012170     MSVCRT:MSVCR100.dll
 0002:00000178       __imp__lseeki64            0000000180012178     MSVCRT:MSVCR100.dll
 0002:00000180       __imp_rand                 0000000180012180     MSVCRT:MSVCR100.dll
 0002:00000188       __imp__open                0000000180012188     MSVCRT:MSVCR100.dll
 0002:00000188       __imp_open                 0000000180012188     MSVCRT:MSVCR100.dll
 0002:00000190       __imp__read                0000000180012190     MSVCRT:MSVCR100.dll
 0002:00000190       __imp_read                 0000000180012190     MSVCRT:MSVCR100.dll
 0002:00000198       __imp__close               0000000180012198     MSVCRT:MSVCR100.dll
 0002:00000198       __imp_close                0000000180012198     MSVCRT:MSVCR100.dll
 0002:000001a0       __imp_write                00000001800121a0     MSVCRT:MSVCR100.dll
 0002:000001a0       __imp__write               00000001800121a0     MSVCRT:MSVCR100.dll
 0002:000001a8       __imp_memset               00000001800121a8     MSVCRT:MSVCR100.dll
 0002:000001b0       __imp_memcpy               00000001800121b0     MSVCRT:MSVCR100.dll
 0002:000001b8       \177MSVCR100_NULL_THUNK_DATA 00000001800121b8     MSVCRT:MSVCR100.dll
 0002:000001c0       __xc_a                     00000001800121c0     MSVCRT:cinitexe.obj
 0002:000001c8       __xc_z                     00000001800121c8     MSVCRT:cinitexe.obj
 0002:000001d0       __xi_a                     00000001800121d0     MSVCRT:cinitexe.obj
 0002:000001e0       __xi_z                     00000001800121e0     MSVCRT:cinitexe.obj
 0002:000001f0       _pRawDllMain               00000001800121f0     MSVCRT:crtdll.obj
 0002:000001f0       _pDefaultRawDllMain        00000001800121f0     MSVCRT:crtdll.obj
 0002:000001f8       ??_C@_06CJNJFBNP@1?42?411?$AA@ 00000001800121f8     compress.obj
 0002:00000200       z_errmsg                   0000000180012200     zutil.obj
 0002:00000250       zip_copyright              0000000180012250     zip.obj
 0002:000002a0       unz_copyright              00000001800122a0     unzip.obj
 0002:000009a0       _dist_code                 00000001800129a0     trees.obj
 0002:00000ba0       _length_code               0000000180012ba0     trees.obj
 0002:00000df8       inflate_copyright          0000000180012df8     inftrees.obj
 0002:00002030       deflate_copyright          0000000180014030     deflate.obj
 0002:00004120       ??_C@_02DKCKIIND@?$CFs?$AA@ 0000000180016120     gzlib.obj
 0002:00004128       ??_C@_07EBNKNFJN@?$DMfd?3?$CFd?$DO?$AA@ 0000000180016128     gzlib.obj
 0002:00004130       ??_C@_0O@BNNCBLEN@out?5of?5memory?$AA@ 0000000180016130     gzlib.obj
 0002:0000413e       ??_C@_00CNPNBAHC@?$AA@     000000018001613e     gzlib.obj
 0002:00004140       ??_C@_02LMMGGCAJ@?3?5?$AA@ 0000000180016140     gzlib.obj
 0002:00004144       ??_C@_06DIJPEION@?$CFs?$CFs?$CFs?$AA@ 0000000180016144     gzlib.obj
 0002:00004150       ??_C@_0BH@CFIIDOJD@unexpected?5end?5of?5file?$AA@ 0000000180016150     gzread.obj
 0002:00004168       ??_C@_0CH@CPOLIEKA@internal?5error?3?5inflate?5stream?5c@ 0000000180016168     gzread.obj
 0002:00004190       ??_C@_0BG@HCKBMIHF@compressed?5data?5error?$AA@ 0000000180016190     gzread.obj
 0002:000041a8       ??_C@_0BP@HLDABFKK@request?5does?5not?5fit?5in?5an?5int?$AA@ 00000001800161a8     gzread.obj
 0002:000041c8       ??_C@_0CB@EGGJDMIK@request?5does?5not?5fit?5in?5a?5size_t@ 00000001800161c8     gzread.obj
 0002:000041f0       ??_C@_0BP@IIKIGMCC@out?5of?5room?5to?5push?5characters?$AA@ 00000001800161f0     gzread.obj
 0002:00004210       ??_C@_0CH@DEEGAHIB@internal?5error?3?5deflate?5stream?5c@ 0000000180016210     gzwrite.obj
 0002:00004238       ??_C@_0CF@MLPJFDMM@requested?5length?5does?5not?5fit?5in@ 0000000180016238     gzwrite.obj
 0002:00004260       ??_C@_0BD@PJCBIDD@invalid?5block?5type?$AA@ 0000000180016260     infback.obj
 0002:00004278       ??_C@_0BN@LGAADGOK@invalid?5stored?5block?5lengths?$AA@ 0000000180016278     infback.obj
 0002:00004298       ??_C@_0CE@GMIGFPBB@too?5many?5length?5or?5distance?5symb@ 0000000180016298     infback.obj
 0002:000042c0       ??_C@_0BJ@HDEPPGOH@invalid?5code?5lengths?5set?$AA@ 00000001800162c0     infback.obj
 0002:000042e0       ??_C@_0BK@BMMPFBBH@invalid?5bit?5length?5repeat?$AA@ 00000001800162e0     infback.obj
 0002:00004300       ??_C@_0CF@DGDMADCD@invalid?5code?5?9?9?5missing?5end?9of?9b@ 0000000180016300     infback.obj
 0002:00004328       ??_C@_0BM@IIMGAINC@invalid?5literal?1lengths?5set?$AA@ 0000000180016328     infback.obj
 0002:00004348       ??_C@_0BG@GMDFCBGP@invalid?5distances?5set?$AA@ 0000000180016348     infback.obj
 0002:00004360       ??_C@_0BM@FFFLPBBC@invalid?5literal?1length?5code?$AA@ 0000000180016360     infback.obj
 0002:00004380       ??_C@_0BG@LBKINIKP@invalid?5distance?5code?$AA@ 0000000180016380     infback.obj
 0002:00004398       ??_C@_0BO@ECPMAOGG@invalid?5distance?5too?5far?5back?$AA@ 0000000180016398     infback.obj
 0002:000043b8       ??_C@_0BH@LIBMMIGA@incorrect?5header?5check?$AA@ 00000001800163b8     inflate.obj
 0002:000043d0       ??_C@_0BL@IHKGDAEE@unknown?5compression?5method?$AA@ 00000001800163d0     inflate.obj
 0002:000043f0       ??_C@_0BE@EMOGCLGO@invalid?5window?5size?$AA@ 00000001800163f0     inflate.obj
 0002:00004408       ??_C@_0BJ@BLBBCOMO@unknown?5header?5flags?5set?$AA@ 0000000180016408     inflate.obj
 0002:00004428       ??_C@_0BE@GONKLEPM@header?5crc?5mismatch?$AA@ 0000000180016428     inflate.obj
 0002:00004440       ??_C@_0BF@MEIGEHBE@incorrect?5data?5check?$AA@ 0000000180016440     inflate.obj
 0002:00004458       ??_C@_0BH@FGKKJGOC@incorrect?5length?5check?$AA@ 0000000180016458     inflate.obj
 0002:00004470       ??_C@_02JDPG@rb?$AA@       0000000180016470     ioapi.obj
 0002:00004474       ??_C@_03HMFOOINA@r?$CLb?$AA@ 0000000180016474     ioapi.obj
 0002:00004478       ??_C@_02GMLFBBN@wb?$AA@    0000000180016478     ioapi.obj
 0002:0000447c       ??_C@_01JOAMLHOP@?9?$AA@   000000018001647c     zip.obj
 0002:00004480       ??_C@_0BF@CJFPCCEG@incompatible?5version?$AA@ 0000000180016480     zutil.obj
 0002:00004498       ??_C@_0N@DFPGLBGC@buffer?5error?$AA@ 0000000180016498     zutil.obj
 0002:000044a8       ??_C@_0BE@OGGJBMCE@insufficient?5memory?$AA@ 00000001800164a8     zutil.obj
 0002:000044c0       ??_C@_0L@HAHMBNLP@data?5error?$AA@ 00000001800164c0     zutil.obj
 0002:000044d0       ??_C@_0N@MKKNPMJD@stream?5error?$AA@ 00000001800164d0     zutil.obj
 0002:000044e0       ??_C@_0L@KIJFAKBJ@file?5error?$AA@ 00000001800164e0     zutil.obj
 0002:000044f0       ??_C@_0L@FNAOCBOG@stream?5end?$AA@ 00000001800164f0     zutil.obj
 0002:00004500       ??_C@_0BA@MOKMMFOD@need?5dictionary?$AA@ 0000000180016500     zutil.obj
 0002:00004510       __rtc_iaa                  0000000180016510     MSVCRT:_initsect_.obj
 0002:00004518       __rtc_izz                  0000000180016518     MSVCRT:_initsect_.obj
 0002:00004520       __rtc_taa                  0000000180016520     MSVCRT:_initsect_.obj
 0002:00004528       __rtc_tzz                  0000000180016528     MSVCRT:_initsect_.obj
 0002:00005838       __IMPORT_DESCRIPTOR_KERNEL32 0000000180017838     kernel32:KERNEL32.dll
 0002:0000584c       __IMPORT_DESCRIPTOR_MSVCR100 000000018001784c     MSVCRT:MSVCR100.dll
 0002:00005860       __NULL_IMPORT_DESCRIPTOR   0000000180017860     kernel32:KERNEL32.dll
 0003:00000000       __native_dllmain_reason    0000000180019000     MSVCRT:natstart.obj
 0003:00000004       __native_vcclrit_reason    0000000180019004     MSVCRT:natstart.obj
 0003:00000008       __security_cookie          0000000180019008     MSVCRT:gs_cookie.obj
 0003:00000010       __security_cookie_complement 0000000180019010     MSVCRT:gs_cookie.obj
 0003:00000028       ?__type_info_root_node@@3U__type_info_node@@A 0000000180019028     MSVCRT:tncleanup.obj
 0003:0000003c       __native_startup_state     000000018001903c     <common>
 0003:00000040       __native_startup_lock      0000000180019040     <common>
 0003:00000048       __onexitend                0000000180019048     <common>
 0003:00000050       __onexitbegin              0000000180019050     <common>
 0003:00000058       __dyn_tls_init_callback    0000000180019058     <common>

 entry point at        0001:00010990

 Static symbols

 0001:00000330       adler32_combine_           0000000180001330 f    CIL library: CIL module
 0001:00000580       crc32_little               0000000180001580 f    CIL library: CIL module
 0001:000008b0       gf2_matrix_times           00000001800018b0 f    CIL library: CIL module
 0001:000008d0       gf2_matrix_square          00000001800018d0 f    CIL library: CIL module
 0001:00000910       crc32_combine_             0000000180001910 f    CIL library: CIL module
 0001:00000a00       slide_hash                 0000000180001a00 f    CIL library: CIL module
 0001:00000d40       deflateStateCheck          0000000180001d40 f    CIL library: CIL module
 0001:00001520       putShortMSB                0000000180002520 f    CIL library: CIL module
 0001:00001550       flush_pending              0000000180002550 f    CIL library: CIL module
 0001:000021e0       read_buf                   00000001800031e0 f    CIL library: CIL module
 0001:00002290       lm_init                    0000000180003290 f    CIL library: CIL module
 0001:00002350       fill_window                0000000180003350 f    CIL library: CIL module
 0001:00002560       deflate_stored             0000000180003560 f    CIL library: CIL module
 0001:00002970       deflate_fast               0000000180003970 f    CIL library: CIL module
 0001:00002d80       deflate_slow               0000000180003d80 f    CIL library: CIL module
 0001:000032a0       deflate_rle                00000001800042a0 f    CIL library: CIL module
 0001:000035f0       deflate_huff               00000001800045f0 f    CIL library: CIL module
 0001:000037e0       gz_reset                   00000001800047e0 f    CIL library: CIL module
 0001:00003830       gz_open                    0000000180004830 f    CIL library: CIL module
 0001:00004100       gz_load                    0000000180005100 f    CIL library: CIL module
 0001:000041c0       gz_avail                   00000001800051c0 f    CIL library: CIL module
 0001:00004250       gz_look                    0000000180005250 f    CIL library: CIL module
 0001:00004410       gz_decomp                  0000000180005410 f    CIL library: CIL module
 0001:00004520       gz_fetch                   0000000180005520 f    CIL library: CIL module
 0001:000045d0       gz_skip                    00000001800055d0 f    CIL library: CIL module
 0001:00004650       gz_read                    0000000180005650 f    CIL library: CIL module
 0001:00004c70       gz_init                    0000000180005c70 f    CIL library: CIL module
 0001:00004d90       gz_comp                    0000000180005d90 f    CIL library: CIL module
 0001:00004f70       gz_zero                    0000000180005f70 f    CIL library: CIL module
 0001:00005030       gz_write                   0000000180006030 f    CIL library: CIL module
 0001:00005800       fixedtables                0000000180006800 f    CIL library: CIL module
 0001:000069d0       inflateStateCheck          00000001800079d0 f    CIL library: CIL module
 0001:00006d00       fixedtables                0000000180007d00 f    CIL library: CIL module
 0001:00006d30       updatewindow               0000000180007d30 f    CIL library: CIL module
 0001:000087c0       syncsearch                 00000001800097c0 f    CIL library: CIL module
 0001:00009170       fopen64_file_func          000000018000a170 f    CIL library: CIL module
 0001:000091c0       fread_file_func            000000018000a1c0 f    CIL library: CIL module
 0001:000091e0       fwrite_file_func           000000018000a1e0 f    CIL library: CIL module
 0001:00009200       ftell64_file_func          000000018000a200 f    CIL library: CIL module
 0001:00009210       fseek64_file_func          000000018000a210 f    CIL library: CIL module
 0001:00009270       fclose_file_func           000000018000a270 f    CIL library: CIL module
 0001:00009280       ferror_file_func           000000018000a280 f    CIL library: CIL module
 0001:000092f0       win32_translate_open_mode  000000018000a2f0 f    CIL library: CIL module
 0001:00009350       win32_build_iowin          000000018000a350 f    CIL library: CIL module
 0001:000095a0       MySetFilePointerEx         000000018000a5a0 f    CIL library: CIL module
 0001:000099b0       init_block                 000000018000a9b0 f    CIL library: CIL module
 0001:00009a30       pqdownheap                 000000018000aa30 f    CIL library: CIL module
 0001:00009b20       gen_bitlen                 000000018000ab20 f    CIL library: CIL module
 0001:00009d40       gen_codes                  000000018000ad40 f    CIL library: CIL module
 0001:00009dd0       build_tree                 000000018000add0 f    CIL library: CIL module
 0001:0000a020       scan_tree                  000000018000b020 f    CIL library: CIL module
 0001:0000a110       send_tree                  000000018000b110 f    CIL library: CIL module
 0001:0000a680       build_bl_tree              000000018000b680 f    CIL library: CIL module
 0001:0000a700       send_all_trees             000000018000b700 f    CIL library: CIL module
 0001:0000add0       compress_block             000000018000bdd0 f    CIL library: CIL module
 0001:0000b240       detect_data_type           000000018000c240 f    CIL library: CIL module
 0001:0000b2c0       bi_reverse                 000000018000c2c0 f    CIL library: CIL module
 0001:0000b2e0       bi_flush                   000000018000c2e0 f    CIL library: CIL module
 0001:0000b370       bi_windup                  000000018000c370 f    CIL library: CIL module
 0001:0000b550       unz64local_getShort        000000018000c550 f    CIL library: CIL module
 0001:0000b5d0       unz64local_getLong         000000018000c5d0 f    CIL library: CIL module
 0001:0000b6a0       unz64local_getLong64       000000018000c6a0 f    CIL library: CIL module
 0001:0000b820       strcmpcasenosensitive_internal 000000018000c820 f    CIL library: CIL module
 0001:0000b8b0       zip64local_SearchCentralDir 000000018000c8b0 f    CIL library: CIL module
 0001:0000b8b0       unz64local_SearchCentralDir 000000018000c8b0 f    CIL library: CIL module
 0001:0000ba30       unz64local_SearchCentralDir64 000000018000ca30 f    CIL library: CIL module
 0001:0000bc50       unzOpenInternal            000000018000cc50 f    CIL library: CIL module
 0001:0000c1a0       unz64local_DosDateToTmuDate 000000018000d1a0 f    CIL library: CIL module
 0001:0000c200       unz64local_GetCurrentFileInfoInternal 000000018000d200 f    CIL library: CIL module
 0001:0000ccd0       unz64local_CheckCurrentFileCoherencyHeader 000000018000dcd0 f    CIL library: CIL module
 0001:0000d780       decrypt_byte               000000018000e780 f    CIL library: CIL module
 0001:0000d7a0       update_keys                000000018000e7a0 f    CIL library: CIL module
 0001:0000d800       init_keys                  000000018000e800 f    CIL library: CIL module
 0001:0000d870       crypthead                  000000018000e870 f    CIL library: CIL module
 0001:0000d9c0       allocate_new_datablock     000000018000e9c0 f    CIL library: CIL module
 0001:0000d9f0       free_datablock             000000018000e9f0 f    CIL library: CIL module
 0001:0000da20       init_linkedlist            000000018000ea20 f    CIL library: CIL module
 0001:0000da30       free_linkedlist            000000018000ea30 f    CIL library: CIL module
 0001:0000da60       add_data_in_datablock      000000018000ea60 f    CIL library: CIL module
 0001:0000db30       zip64local_putValue        000000018000eb30 f    CIL library: CIL module
 0001:0000dbb0       zip64local_putValue_inmemory 000000018000ebb0 f    CIL library: CIL module
 0001:0000dbf0       zip64local_TmzDateToDosDate 000000018000ebf0 f    CIL library: CIL module
 0001:0000dc40       unz64local_getByte         000000018000ec40 f    CIL library: CIL module
 0001:0000dc40       zip64local_getByte         000000018000ec40 f    CIL library: CIL module
 0001:0000dcb0       zip64local_getShort        000000018000ecb0 f    CIL library: CIL module
 0001:0000dd30       zip64local_getLong         000000018000ed30 f    CIL library: CIL module
 0001:0000de00       zip64local_getLong64       000000018000ee00 f    CIL library: CIL module
 0001:0000df80       zip64local_SearchCentralDir64 000000018000ef80 f    CIL library: CIL module
 0001:0000f390       zip64FlushWriteBuffer      0000000180010390 f    CIL library: CIL module
 0001:00010598       pre_c_init                 0000000180011598 f   MSVCRT:crtdll.obj
 0001:00010854       __DllMainCRTStartup        0000000180011854 f   MSVCRT:crtdll.obj
 0001:00010d60       __DllMainCRTStartup$filt$0 0000000180011d60 f   MSVCRT:crtdll.obj
 0001:00010d90       __DllMainCRTStartup$fin$1  0000000180011d90 f   MSVCRT:crtdll.obj
 0001:00010daa       _onexit$fin$0              0000000180011daa f   MSVCRT:atonexit.obj
 0001:00010dd0       _IsNonwritableInCurrentImage$filt$0 0000000180011dd0 f   MSVCRT:pesect.obj
